// Jest Snapshot v1, https://goo.gl/fbAQLP

exports[`pruebas con gifgrid testeando el componente  1`] = `
<Fragment>
  <h3
    className="animate__fadeIn"
  >
    Goku
  </h3>
  <p
    className="animate__flash"
  >
    Cargando
  </p>
  <div
    className="card-grid"
  />
</Fragment>
`;
